// Jest Snapshot v1, https://goo.gl/fbAQLP

exports[`Appbar Renders 1`] = `
<View
  style={
    Object {
      "alignItems": "center",
      "backgroundColor": "#1e88e5",
      "borderRadius": 2,
      "flexDirection": "row",
      "height": 56,
      "justifyContent": "space-between",
      "minWidth": "auto",
      "padding": 16,
      "position": "relative",
      "shadowColor": "#000",
      "shadowOffset": Object {
        "height": 2,
        "width": 0,
      },
      "shadowOpacity": 0.23,
      "shadowRadius": 2.62,
      "width": "100%",
      "zIndex": 2,
    }
  }
  useNativeDriver={false}
>
  <View
    style={
      Array [
        Object {
          "alignItems": "center",
          "flexDirection": "row",
          "minWidth": "auto",
        },
        Object {
          "height": "auto",
        },
      ]
    }
  />
  <View
    style={
      Array [
        Object {
          "alignItems": "center",
          "flex": 1,
          "flexDirection": "row",
          "justifyContent": "flex-end",
          "minWidth": "auto",
        },
        undefined,
      ]
    }
  />
</View>
`;
