// Jest Snapshot v1, https://goo.gl/fbAQLP

exports[`Divider Renders 1`] = `
<View
  style={
    Array [
      Object {
        "backgroundColor": "rgba(0,0,0,.12)",
        "width": "100%",
      },
      Object {
        "height": 0.5,
        "marginLeft": 0,
        "marginVertical": 8,
        "width": "100%",
      },
      undefined,
    ]
  }
/>
`;
